src/components/common/ThemeToggle.tsx(1,1): error TS6133: 'React' is declared but its value is never read.
src/components/FinalPlanPage.tsx(28,66): error TS6133: 'onRestart' is declared but its value is never read.
src/components/FinalPlanPage.tsx(30,20): error TS6133: 'Gender' is declared but its value is never read.
src/components/FinalPlanPage.tsx(38,9): error TS6133: 'futureBodyFat' is declared but its value is never read.
src/tests/components/ComponentUtils.test.tsx(151,14): error TS18047: 'main' is possibly 'null'.
src/tests/components/ComponentUtils.test.tsx(159,12): error TS2741: Property 'darkMode' is missing in type '{ currentStep: number; totalSteps: number; }' but required in type 'ProgressIndicatorProps'.
src/tests/components/ComponentUtils.test.tsx(170,12): error TS2741: Property 'darkMode' is missing in type '{ currentStep: number; totalSteps: number; label: string; }' but required in type 'ProgressIndicatorProps'.
src/tests/components/ComponentUtils.test.tsx(180,12): error TS2741: Property 'darkMode' is missing in type '{ currentStep: number; totalSteps: number; }' but required in type 'ProgressIndicatorProps'.
src/tests/components/ComponentUtils.test.tsx(191,12): error TS2741: Property 'darkMode' is missing in type '{ currentStep: number; totalSteps: number; }' but required in type 'ProgressIndicatorProps'.
src/tests/components/ComponentUtils.test.tsx(202,12): error TS2741: Property 'darkMode' is missing in type '{ currentStep: number; totalSteps: number; }' but required in type 'ProgressIndicatorProps'.
src/tests/components/ComponentUtils.test.tsx(213,12): error TS2741: Property 'darkMode' is missing in type '{ currentStep: number; totalSteps: number; }' but required in type 'ProgressIndicatorProps'.
src/tests/components/FinalPlanPage.test.tsx(21,5): error TS2304: Cannot find name 'beforeEach'.
src/tests/components/FinalPlanPage.test.tsx(26,5): error TS2304: Cannot find name 'afterEach'.
src/tests/components/FinalPlanPage.test.tsx(284,24): error TS2345: Argument of type 'HTMLDivElement | null' is not assignable to parameter of type 'Element'.
  Type 'null' is not assignable to type 'Element'.
src/tests/components/Form.test.tsx(18,3): error TS2304: Cannot find name 'beforeEach'.
src/tests/contexts/ThemeContext.test.tsx(153,25): error TS2345: Argument of type 'string | null' is not assignable to parameter of type 'string'.
  Type 'null' is not assignable to type 'string'.
src/tests/integration/App.test.tsx(8,25): error TS7006: Parameter 'user' implicitly has an 'any' type.
src/tests/integration/App.test.tsx(8,31): error TS7006: Parameter 'formData' implicitly has an 'any' type.
src/tests/setup.ts(28,1): error TS2322: Type 'typeof IntersectionObserver' is not assignable to type '{ new (callback: IntersectionObserverCallback, options?: IntersectionObserverInit | undefined): IntersectionObserver; prototype: IntersectionObserver; }'.
  Types of property 'prototype' are incompatible.
    Type 'IntersectionObserver' is missing the following properties from type 'IntersectionObserver': root, rootMargin, thresholds
